python : d:\WorkForceOptix\app\routes\dashboard_routes.py:67: 
LegacyAPIWarning: The Query.get() method is considered legacy as of 
the 1.x series of SQLAlchemy and becomes a legacy construct in 2.0. 
The method is now available as Session.get() (deprecated since: 2.0) 
(Background on SQLAlchemy 2.0 at: https://sqlalche.me/e/b8d9)
At line:1 char:1
+ python d:\WorkForceOptix\tests\verify_link_profile.py > 
d:\WorkForceO ...
+ ~~~~~~~~~~~~~~~~~~~~~~~~~~~~~~~~~~~~~~~~~~~~~~~~~~~~~~~~~~~~~~~~~~~~~
    + CategoryInfo          : NotSpecified: (d:\WorkForceOpt...lche.me 
   /e/b8d9):String) [], RemoteException
    + FullyQualifiedErrorId : NativeCommandError
 
  user = User.query.get(current_user_id)
d:\WorkForceOptix\app\routes\dashboard_routes.py:14: LegacyAPIWarning: 
The Query.get() method is considered legacy as of the 1.x series of 
SQLAlchemy and becomes a legacy construct in 2.0. The method is now 
available as Session.get() (deprecated since: 2.0) (Background on 
SQLAlchemy 2.0 at: https://sqlalche.me/e/b8d9)
  user = User.query.get(current_user_id)
d:\WorkForceOptix\app\__init__.py:50: LegacyAPIWarning: The 
Query.get() method is considered legacy as of the 1.x series of 
SQLAlchemy and becomes a legacy construct in 2.0. The method is now 
available as Session.get() (deprecated since: 2.0) (Background on 
SQLAlchemy 2.0 at: https://sqlalche.me/e/b8d9)
  user = User.query.get(user_id)
d:\WorkForceOptix\tests\verify_link_profile.py:80: LegacyAPIWarning: 
The Query.get() method is considered legacy as of the 1.x series of 
SQLAlchemy and becomes a legacy construct in 2.0. The method is now 
available as Session.get() (deprecated since: 2.0) (Background on 
SQLAlchemy 2.0 at: https://sqlalche.me/e/b8d9)
  user_in_db = User.query.get(self.user.id)
Fd:\WorkForceOptix\tests\verify_link_profile.py:63: LegacyAPIWarning: 
The Query.get() method is considered legacy as of the 1.x series of 
SQLAlchemy and becomes a legacy construct in 2.0. The method is now 
available as Session.get() (deprecated since: 2.0) (Background on 
SQLAlchemy 2.0 at: https://sqlalche.me/e/b8d9)
  user_in_db = User.query.get(self.user.id)
F
======================================================================
FAIL: test_link_profile_fail_invalid_email 
(__main__.VerifyLinkProfile.test_link_profile_fail_invalid_email)
----------------------------------------------------------------------
Traceback (most recent call last):
  File "d:\WorkForceOptix\tests\verify_link_profile.py", line 82, in 
test_link_profile_fail_invalid_email
    self.assertIn(b'No employee found', response.data)
    ~~~~~~~~~~~~~^^^^^^^^^^^^^^^^^^^^^^^^^^^^^^^^^^^^^
AssertionError: b'No employee found' not found in b'<!DOCTYPE 
html>\n<html lang="en">\n\n<head>\n    <meta charset="UTF-8">\n    
<meta name="viewport" content="width=device-width, 
initial-scale=1.0">\n    <title>WorkForceOptix</title>\n    <link href=
"https://cdn.jsdelivr.net/npm/bootstrap@5.3.0/dist/css/bootstrap.min.cs
s" rel="stylesheet">\n    <link rel="stylesheet" href="https://cdn.jsde
livr.net/npm/bootstrap-icons@1.10.5/font/bootstrap-icons.css">\n    
<link rel="stylesheet" href="/static/css/styles.css">\n    <link href="
https://fonts.googleapis.com/css2?family=Inter:wght@400;500;600;700&dis
play=swap" rel="stylesheet">\n</head>\n\n<body class="bg-light d-flex 
flex-column min-vh-100">\n    <!-- Navbar -->\n    <nav class="navbar 
navbar-expand-lg navbar-dark bg-primary shadow-sm sticky-top">\n       
 <div class="container">\n            <a class="navbar-brand fw-bold 
d-flex align-items-center" href="/">\n                <i class="bi 
bi-grid-3x3-gap-fill me-2 fs-4"></i>\n                WorkForceOptix\n 
           </a>\n            <button class="navbar-toggler" 
type="button" data-bs-toggle="collapse" data-bs-target="#navbarNav">\n 
               <span class="navbar-toggler-icon"></span>\n            
</button>\n            <div class="collapse navbar-collapse" 
id="navbarNav">\n                <ul class="navbar-nav me-auto mb-2 
mb-lg-0">\n                    \n                    <li 
class="nav-item">\n                        <a class="nav-link" 
href="/dashboard">Dashboard</a>\n                    </li>\n           
         <li class="nav-item">\n                        <a 
class="nav-link" href="/employees/">Employees</a>\n                    
</li>\n                    <li class="nav-item">\n                     
   <a class="nav-link" href="/projects/">Projects</a>\n                
    </li>\n                    <li class="nav-item">\n                 
   <li class="nav-item">\n                        <a class="nav-link" 
href="/allocations/">Allocations</a>\n                    </li>\n      
              \n                    \n                    <li 
class="nav-item">\n                        <a class="nav-link" 
href="/contact">Contact</a>\n                    </li>\n               
 </ul>\n                <ul class="navbar-nav">\n                    
\n                    <li class="nav-item dropdown">\n                 
       <a class="nav-link dropdown-toggle" href="#" 
id="navbarDropdown" role="button"\n                            
data-bs-toggle="dropdown" aria-expanded="false">\n                     
       <i class="bi bi-person-circle me-1"></i> rashmika\n             
           </a>\n                        <ul class="dropdown-menu 
dropdown-menu-end" aria-labelledby="navbarDropdown">\n                 
           <li><a class="dropdown-item" href="/auth/profile">My 
Profile</a></li>\n                            <li>\n                   
             <hr class="dropdown-divider">\n                           
 </li>\n                            <li><a class="dropdown-item" 
href="#" onclick="logout()">Logout</a></li>\n                        
</ul>\n                    </li>\n                    \n               
 </ul>\n            </div>\n        </div>\n    </nav>\n\n    <!-- 
Main Content -->\n    <main class="flex-grow-1">\n        <div 
class="container mt-4">\n            \n<div class="row mb-4">\n    
<div class="col-md-12">\n        <div class="card border-0 shadow-sm 
bg-white">\n            <div class="card-body p-4">\n                
<h2 class="fw-bold text-primary">Hello, rashmika!</h2>\n               
 <p class="text-muted mb-0">Here is your current project allocation 
status.</p>\n            </div>\n        </div>\n    
</div>\n</div>\n\n<div class="row">\n    <div class="col-md-4">\n      
  <div class="card border-0 shadow-sm h-100">\n            <div 
class="card-header bg-white fw-bold">My Status</div>\n            <div 
class="card-body text-center py-5">\n                \n                
<p class="text-warning">Profile not linked.</p>\n                <form 
action="/link_profile" method="POST" class="mt-3">\n                   
 <div class="mb-3">\n                        <input type="email" 
name="email" class="form-control" placeholder="Enter your work 
email"\n                            required>\n                    
</div>\n                    <button type="submit" class="btn 
btn-primary">Link Profile</button>\n                </form>\n          
      \n            </div>\n        </div>\n    </div>\n    <div 
class="col-md-8">\n        <div class="card border-0 shadow-sm 
h-100">\n            <div class="card-header bg-white 
fw-bold">Allocation History</div>\n            <div 
class="card-body">\n                <div class="table-responsive">\n   
                 <table class="table table-hover">\n                   
     <thead>\n                            <tr>\n                       
         <th>Project</th>\n                                
<th>Role/Skills</th>\n                                
<th>Duration</th>\n                                <th>Status</th>\n   
                         </tr>\n                        </thead>\n     
                   <tbody>\n                            \n             
               <tr>\n                                <td colspan="4" 
class="text-center">No allocations found.</td>\n                       
     </tr>\n                            \n                        
</tbody>\n                    </table>\n                </div>\n       
     </div>\n        </div>\n    </div>\n</div>\n\n        </div>\n    
</main>\n\n    <!-- Footer -->\n    <footer class="bg-white border-top 
py-4 mt-auto">\n        <div class="container text-center">\n          
  <div class="row align-items-center">\n                <div 
class="col-md-6 text-md-start">\n                    <p class="mb-0 
text-muted">&copy; 2025 WorkForceOptix. All rights reserved.</p>\n     
           </div>\n                <div class="col-md-6 
text-md-end">\n                    <ul class="list-inline mb-0">\n     
                   <li class="list-inline-item"><a href="#" 
class="text-decoration-none text-muted">Privacy\n                      
          Policy</a></li>\n                        <li 
class="list-inline-item mx-2 text-muted">&middot;</li>\n               
         <li class="list-inline-item"><a href="#" 
class="text-decoration-none text-muted">Terms of\n                     
           Service</a></li>\n                        <li 
class="list-inline-item mx-2 text-muted">&middot;</li>\n               
         <li class="list-inline-item"><a href="/contact"\n             
                   class="text-decoration-none 
text-muted">Contact</a></li>\n                    </ul>\n              
  </div>\n            </div>\n        </div>\n    </footer>\n\n    
<script src="https://cdn.jsdelivr.net/npm/bootstrap@5.3.0/dist/js/boots
trap.bundle.min.js"></script>\n    <script 
src="/static/js/main.js"></script>\n</body>\n\n</html>'

======================================================================
FAIL: test_link_profile_success 
(__main__.VerifyLinkProfile.test_link_profile_success)
----------------------------------------------------------------------
Traceback (most recent call last):
  File "d:\WorkForceOptix\tests\verify_link_profile.py", line 66, in 
test_link_profile_success
    self.assertIn(b'Successfully linked to employee profile', 
response.data)
    ~~~~~~~~~~~~~^^^^^^^^^^^^^^^^^^^^^^^^^^^^^^^^^^^^^^^^^^^^^^^^^^^^^^
^^^^^
AssertionError: b'Successfully linked to employee profile' not found 
in b'<!DOCTYPE html>\n<html lang="en">\n\n<head>\n    <meta 
charset="UTF-8">\n    <meta name="viewport" 
content="width=device-width, initial-scale=1.0">\n    
<title>WorkForceOptix</title>\n    <link href="https://cdn.jsdelivr.net
/npm/bootstrap@5.3.0/dist/css/bootstrap.min.css" rel="stylesheet">\n   
 <link rel="stylesheet" href="https://cdn.jsdelivr.net/npm/bootstrap-ic
ons@1.10.5/font/bootstrap-icons.css">\n    <link rel="stylesheet" 
href="/static/css/styles.css">\n    <link href="https://fonts.googleapi
s.com/css2?family=Inter:wght@400;500;600;700&display=swap" 
rel="stylesheet">\n</head>\n\n<body class="bg-light d-flex flex-column 
min-vh-100">\n    <!-- Navbar -->\n    <nav class="navbar 
navbar-expand-lg navbar-dark bg-primary shadow-sm sticky-top">\n       
 <div class="container">\n            <a class="navbar-brand fw-bold 
d-flex align-items-center" href="/">\n                <i class="bi 
bi-grid-3x3-gap-fill me-2 fs-4"></i>\n                WorkForceOptix\n 
           </a>\n            <button class="navbar-toggler" 
type="button" data-bs-toggle="collapse" data-bs-target="#navbarNav">\n 
               <span class="navbar-toggler-icon"></span>\n            
</button>\n            <div class="collapse navbar-collapse" 
id="navbarNav">\n                <ul class="navbar-nav me-auto mb-2 
mb-lg-0">\n                    \n                    <li 
class="nav-item">\n                        <a class="nav-link" 
href="/dashboard">Dashboard</a>\n                    </li>\n           
         <li class="nav-item">\n                        <a 
class="nav-link" href="/employees/">Employees</a>\n                    
</li>\n                    <li class="nav-item">\n                     
   <a class="nav-link" href="/projects/">Projects</a>\n                
    </li>\n                    <li class="nav-item">\n                 
   <li class="nav-item">\n                        <a class="nav-link" 
href="/allocations/">Allocations</a>\n                    </li>\n      
              \n                    \n                    <li 
class="nav-item">\n                        <a class="nav-link" 
href="/contact">Contact</a>\n                    </li>\n               
 </ul>\n                <ul class="navbar-nav">\n                    
\n                    <li class="nav-item dropdown">\n                 
       <a class="nav-link dropdown-toggle" href="#" 
id="navbarDropdown" role="button"\n                            
data-bs-toggle="dropdown" aria-expanded="false">\n                     
       <i class="bi bi-person-circle me-1"></i> rashmika\n             
           </a>\n                        <ul class="dropdown-menu 
dropdown-menu-end" aria-labelledby="navbarDropdown">\n                 
           <li><a class="dropdown-item" href="/auth/profile">My 
Profile</a></li>\n                            <li>\n                   
             <hr class="dropdown-divider">\n                           
 </li>\n                            <li><a class="dropdown-item" 
href="#" onclick="logout()">Logout</a></li>\n                        
</ul>\n                    </li>\n                    \n               
 </ul>\n            </div>\n        </div>\n    </nav>\n\n    <!-- 
Main Content -->\n    <main class="flex-grow-1">\n        <div 
class="container mt-4">\n            \n<div class="row mb-4">\n    
<div class="col-md-12">\n        <div class="card border-0 shadow-sm 
bg-white">\n            <div class="card-body p-4">\n                
<h2 class="fw-bold text-primary">Hello, Rashmika V!</h2>\n             
   <p class="text-muted mb-0">Here is your current project allocation 
status.</p>\n            </div>\n        </div>\n    
</div>\n</div>\n\n<div class="row">\n    <div class="col-md-4">\n      
  <div class="card border-0 shadow-sm h-100">\n            <div 
class="card-header bg-white fw-bold">My Status</div>\n            <div 
class="card-body text-center py-5">\n                \n                
\n                <div class="display-1 text-danger mb-3"><i class="bi 
bi-pause-circle"></i></div>\n                <h4 class="fw-bold">On 
Bench</h4>\n                <p class="text-muted">You are currently 
available for new projects.</p>\n                \n                \n  
          </div>\n        </div>\n    </div>\n    <div 
class="col-md-8">\n        <div class="card border-0 shadow-sm 
h-100">\n            <div class="card-header bg-white 
fw-bold">Allocation History</div>\n            <div 
class="card-body">\n                <div class="table-responsive">\n   
                 <table class="table table-hover">\n                   
     <thead>\n                            <tr>\n                       
         <th>Project</th>\n                                
<th>Role/Skills</th>\n                                
<th>Duration</th>\n                                <th>Status</th>\n   
                         </tr>\n                        </thead>\n     
                   <tbody>\n                            \n             
               <tr>\n                                <td colspan="4" 
class="text-center">No allocations found.</td>\n                       
     </tr>\n                            \n                        
</tbody>\n                    </table>\n                </div>\n       
     </div>\n        </div>\n    </div>\n</div>\n\n        </div>\n    
</main>\n\n    <!-- Footer -->\n    <footer class="bg-white border-top 
py-4 mt-auto">\n        <div class="container text-center">\n          
  <div class="row align-items-center">\n                <div 
class="col-md-6 text-md-start">\n                    <p class="mb-0 
text-muted">&copy; 2025 WorkForceOptix. All rights reserved.</p>\n     
           </div>\n                <div class="col-md-6 
text-md-end">\n                    <ul class="list-inline mb-0">\n     
                   <li class="list-inline-item"><a href="#" 
class="text-decoration-none text-muted">Privacy\n                      
          Policy</a></li>\n                        <li 
class="list-inline-item mx-2 text-muted">&middot;</li>\n               
         <li class="list-inline-item"><a href="#" 
class="text-decoration-none text-muted">Terms of\n                     
           Service</a></li>\n                        <li 
class="list-inline-item mx-2 text-muted">&middot;</li>\n               
         <li class="list-inline-item"><a href="/contact"\n             
                   class="text-decoration-none 
text-muted">Contact</a></li>\n                    </ul>\n              
  </div>\n            </div>\n        </div>\n    </footer>\n\n    
<script src="https://cdn.jsdelivr.net/npm/bootstrap@5.3.0/dist/js/boots
trap.bundle.min.js"></script>\n    <script 
src="/static/js/main.js"></script>\n</body>\n\n</html>'

----------------------------------------------------------------------
Ran 2 tests in 1.267s

FAILED (failures=2)
<sys>:0: ResourceWarning: unclosed database in <sqlite3.Connection 
object at 0x000001F983C22200>
<sys>:0: ResourceWarning: unclosed database in <sqlite3.Connection 
object at 0x000001F983CAB970>
